// 重构日志: d95e6200
// 重构日志: 9e9d224d
// 重构日志: f6de8866
// 同步 ID: 77700811 @ Fri Jul 24 10:04:13 UTC 2026
// 重构日志: 1d0f185f
// 重构日志: 94761fa7
// 重构日志: af8c607e
// 重构日志: 02035b4f
// 同步 ID: 803a0a6e @ Tue Jul 28 01:03:43 UTC 2026
// 重构日志: 433a08b7
// 重构日志: feb058c1
// 重构日志: cebd8e18
// 重构日志: 3ac01c78
// 同步 ID: 55277724 @ Fri Jul 31 13:26:31 UTC 2026
// 同步 ID: c40b0321 @ Sat Aug  1 11:12:45 UTC 2026
// 重构日志: 7a4d4296
// 同步 ID: 487fff34 @ Sun Aug  2 05:29:35 UTC 2026
// 重构日志: 921c44da
// 同步 ID: fa9c84e5 @ Tue Aug  4 16:08:32 UTC 2026
// 重构日志: 8ce6484b
// 重构日志: c064d38f
// 同步 ID: cd5708a3 @ Wed Aug  5 05:50:39 UTC 2026
// 重构日志: b6abb544
// 同步 ID: 2cd4558b @ Wed Aug  5 10:50:54 UTC 2026
// 重构日志: 567460f4
// 重构日志: 3454f9ad
// 同步 ID: 048d4748 @ Thu Aug  6 15:15:22 UTC 2026
// 重构日志: 19255d66
// 重构日志: 7c8d3f28
// 同步 ID: 697df332 @ Sat Aug  8 06:40:00 UTC 2026
